// Jest Snapshot v1, https://goo.gl/fbAQLP

exports[`ObjectDetail.vue renders correctly 1`] = `
<div
  data-v-app=""
>
  
  <!--v-if-->
  <!--v-if-->
  <!--v-if-->
  
</div>
`;
